RAM Allocation [bytes]
Variable                                                                          Address   Size
------------------------------------------------------------------------------------------------
melody                                                                            0x0A00     248
melody2                                                                           0x0AF8     124
notes                                                                             0x0B74       2
notes2                                                                            0x0B76       2
wholenote                                                                         0x0B78       2
wholenote2                                                                        0x0B7A       2
divider                                                                           0x0B7C       2
noteDuration                                                                      0x0B7E       2

EEPROM Allocation [bytes]
Variable                                                                          Address   Size
------------------------------------------------------------------------------------------------

Register Allocation
Variable                                                                          Register  Size
------------------------------------------------------------------------------------------------

FLASH Allocation [words]
Function                                                                          Address   Size
------------------------------------------------------------------------------------------------
tono                                                                              0x00178     66
noTono                                                                            0x001BA      6
main                                                                              0x001C0     98
